// Vitest Snapshot v1, https://vitest.dev/guide/snapshot.html

exports[`my test 1`] = `"<div>sample</div>"`;
